// Jest Snapshot v1, https://goo.gl/fbAQLP

exports[`MovieTitle renders correctly 1`] = `
<div>
  <div
    class="container d-flex align-items-center justify-content-center mt-4"
  >
    <div
      class="movie-details-container col text-center"
    >
      <div
        class="poster"
      >
        <img
          alt="Example Movie"
          src="example.jpg"
        />
      </div>
      <div
        class="details mt-4"
      >
        <div
          class="name-and-genre"
        >
          <h6>
            Example Movie
          </h6>
          <p>
            Action,Adventure
          </p>
        </div>
        <div
          class="year"
        >
          <p
            class="border border-gray rounded p-1"
          >
            2021
          </p>
        </div>
      </div>
    </div>
  </div>
</div>
`;
