// Jest Snapshot v1, https://goo.gl/fbAQLP

exports[`MovieForm Component renders movie form with initial values 1`] = `
<DocumentFragment>
  <form
    class="container"
  >
    <div
      class="row"
    >
      <div
        class="col-8"
      >
        <label
          class="form-label"
          for="title"
        >
          Title
        </label>
        <input
          class="form-control"
          id="title"
          name="title"
          type="text"
          value="Test Movie"
        />
      </div>
      <div
        class="col-4"
      >
        <label
          class="form-label"
          for="releaseYear"
        >
          Release Year
        </label>
        <input
          class="form-control"
          id="releaseYear"
          name="releaseYear"
          type="text"
          value="2022"
        />
      </div>
      <div
        class="col-8"
      >
        <label
          class="form-label"
          for="imageUrl"
        >
          Movie URL
        </label>
        <input
          class="form-control"
          id="imageUrl"
          name="imageUrl"
          type="text"
          value="https://example.com/movie.jpg"
        />
      </div>
      <div
        class="col-4"
      >
        <label
          class="form-label"
          for="rating"
        >
          Rating
        </label>
        <input
          class="form-control"
          id="rating"
          name="rating"
          type="text"
          value="PG-13"
        />
      </div>
      <div
        class="col-8"
      >
        <label
          class="form-label"
          for="genres"
        >
          Genre
        </label>
        <input
          class="form-control"
          id="genres"
          name="genres"
          type="text"
          value="Action, Adventure"
        />
      </div>
      <div
        class="col-4"
      >
        <label
          class="form-label"
          for="duration"
        >
          Runtime
        </label>
        <input
          class="form-control"
          id="duration"
          name="duration"
          type="text"
          value="120"
        />
      </div>
      <div
        class="col-12"
      >
        <label
          class="form-label"
          for="overview"
        >
          Overview
        </label>
        <textarea
          class="form-control"
          id="overview"
          name="overview"
        >
          This is a test movie.
        </textarea>
      </div>
    </div>
    <div
      class="modal-footer"
    >
      <div
        class="text-end mt-3"
      >
        <button
          class="btn btn-primary"
          type="button"
        >
          Reset
        </button>
      </div>
      <div
        class="text-end mt-3"
      >
        <button
          class="btn btn-primary"
          type="submit"
        >
          Submit
        </button>
      </div>
    </div>
  </form>
</DocumentFragment>
`;
